Standard Commons Logging discovery in action with spring-jcl: please remove commons-logging.jar from classpath in order to avoid potential conflicts

  .   ____          _            __ _ _
 /\\ / ___'_ __ _ _(_)_ __  __ _ \ \ \ \
( ( )\___ | '_ | '_| | '_ \/ _` | \ \ \ \
 \\/  ___)| |_)| | | | | || (_| |  ) ) ) )
  '  |____| .__|_| |_|_| |_\__, | / / / /
 =========|_|==============|___/=/_/_/_/
 :: Spring Boot ::                (v3.2.4)

2026-04-26T00:53:13.057+03:00  INFO 29532 --- [           main] c.mageireio.backend.BackendApplication   : Starting BackendApplication v0.0.1-SNAPSHOT using Java 21.0.10 with PID 29532 (C:\projects\parodos-frontend\backend\backend\target\backend-0.0.1-SNAPSHOT.jar started by dimitris in C:\projects\parodos-frontend\backend\backend)
2026-04-26T00:53:13.070+03:00  INFO 29532 --- [           main] c.mageireio.backend.BackendApplication   : No active profile set, falling back to 1 default profile: "default"
2026-04-26T00:53:14.144+03:00  INFO 29532 --- [           main] .s.d.r.c.RepositoryConfigurationDelegate : Bootstrapping Spring Data JPA repositories in DEFAULT mode.
2026-04-26T00:53:14.212+03:00  INFO 29532 --- [           main] .s.d.r.c.RepositoryConfigurationDelegate : Finished Spring Data repository scanning in 57 ms. Found 6 JPA repository interfaces.
2026-04-26T00:53:14.998+03:00  INFO 29532 --- [           main] o.s.b.w.embedded.tomcat.TomcatWebServer  : Tomcat initialized with port 8081 (http)
2026-04-26T00:53:15.021+03:00  INFO 29532 --- [           main] o.apache.catalina.core.StandardService   : Starting service [Tomcat]
2026-04-26T00:53:15.022+03:00  INFO 29532 --- [           main] o.apache.catalina.core.StandardEngine    : Starting Servlet engine: [Apache Tomcat/10.1.19]
2026-04-26T00:53:15.061+03:00  INFO 29532 --- [           main] o.a.c.c.C.[Tomcat].[localhost].[/]       : Initializing Spring embedded WebApplicationContext
2026-04-26T00:53:15.062+03:00  INFO 29532 --- [           main] w.s.c.ServletWebServerApplicationContext : Root WebApplicationContext: initialization completed in 1897 ms
Standard Commons Logging discovery in action with spring-jcl: please remove commons-logging.jar from classpath in order to avoid potential conflicts
2026-04-26T00:53:15.281+03:00  INFO 29532 --- [           main] o.hibernate.jpa.internal.util.LogHelper  : HHH000204: Processing PersistenceUnitInfo [name: default]
2026-04-26T00:53:15.368+03:00  INFO 29532 --- [           main] org.hibernate.Version                    : HHH000412: Hibernate ORM core version 6.4.4.Final
